// Vitest Snapshot v1

exports[`mount SimpleTable > renders SimpleTable 1`] = `
"<div class=\\"table-wrap\\">
  <toolbar-stub></toolbar-stub>
  <table>
    <table-header-stub option=\\"[object Object]\\" handlesort=\\"(originData, key, isMultiSort = false, isLocalSort = false) => {
    let list = __vite_ssr_import_0__.cloneDeep(originData);
    if (!isMultiSort) {
      keyClickMap.value = __vite_ssr_import_0__.cloneDeep({
        [key]: keyClickMap.value[key] || SORT_MAP.normal
      });
    }
    if (key in keyClickMap.value) {
      keyClickMap.value[key] = (keyClickMap.value[key] + 1) % Object.keys(SORT_MAP).length;
    } else {
      keyClickMap.value[key] = SORT_MAP.asc;
    }
    if (isLocalSort) {
      switch (keyClickMap.value[key]) {
        case SORT_MAP.asc:
          list.sort((a, b) => a[key] - b[key]);
          break;
        case SORT_MAP.desc:
          list.sort((a, b) => b[key] - a[key]);
          break;
        default:
          break;
      }
    }
    sortableData.value = list;
  }\\" keyclickmap=\\"[object Object]\\"></table-header-stub>
    <table-body-stub option=\\"[object Object]\\" list=\\"[object Object],[object Object]\\"></table-body-stub>
  </table>
  <pagination-stub option=\\"[object Object]\\"></pagination-stub>
</div>"
`;
